// Jest Snapshot v1, https://goo.gl/fbAQLP

exports[`renders correctly 1`] = `
<div
  className="MuiGrid-container-1 MuiGrid-spacing-xs-24-25 MuiGrid-justify-xs-space-around-21"
>
  <Item />
</div>
`;
