// Jest Snapshot v1, https://goo.gl/fbAQLP

exports[`renders correctly 1`] = `
<p
  className="MuiTypography-root-1 MuiTypography-body1-10"
>
  <div
    className="MuiGrid-container-37 MuiGrid-spacing-xs-24-61"
  >
    <div
      className="MuiGrid-item-38 MuiGrid-grid-xs-6-71"
    >
      <div
        className="MuiPaper-root-134 MuiPaper-elevation2-138 MuiPaper-rounded-135"
      >
        Hello World!
      </div>
    </div>
  </div>
</p>
`;
